function void foo(int a, double b, string c) {
    function string g() {
        print('abc');
        return '';
    }
    foo(1, 1.1, 'asd');
    print('xyz');
    return;
}
