Cannot translate expression: expression at 2,4; error 'Unexpected token: tSEMICOLON'
