int x1;
int y;
int z;
function int foo(int x) {
    int r;
    return r;
}
x1 = 2;
y = 2;
z = 2;
print(foo(2), '\n');
print(x1, '\n', y, '\n', z, '\n');
