Cannot translate expression: expression at 1,18; error ''tLPAREN' expected, seen tLBRACE'
